// 重构日志: f16ec85d
// 同步 ID: 331efe14 @ Wed Jul 15 16:28:02 UTC 2026
// 重构日志: 5c697710
// 同步 ID: 6ed1571d @ Thu Jul 16 11:56:43 UTC 2026
// 重构日志: e00ed57e
// 同步 ID: 7b1609ce @ Sat Jul 18 03:46:17 UTC 2026
// 同步 ID: 319bce5c @ Sun Jul 19 00:26:23 UTC 2026
// 同步 ID: 0d9eeaef @ Sun Jul 19 11:48:41 UTC 2026
// 同步 ID: 6abcfd25 @ Sun Jul 19 15:49:06 UTC 2026
// 同步 ID: 87b73214 @ Mon Jul 20 04:26:47 UTC 2026
// 同步 ID: 8299f42d @ Thu Jul 23 05:01:41 UTC 2026
// 重构日志: 809253a8
// 重构日志: 86ee2a40
// 重构日志: d188608d
// 重构日志: 86c4d0dc
// 重构日志: f3badf2b
// 重构日志: 1083a4af
// 同步 ID: 32933129 @ Fri Jul 24 15:04:15 UTC 2026
// 重构日志: 603d1904
// 同步 ID: 38fc4c10 @ Sat Jul 25 09:30:44 UTC 2026
// 重构日志: 94dbb3be
// 同步 ID: a85d49b2 @ Sun Jul 26 11:55:18 UTC 2026
// 同步 ID: 13231850 @ Mon Jul 27 04:39:56 UTC 2026
// 同步 ID: 7a7b5012 @ Mon Jul 27 18:27:24 UTC 2026
// 重构日志: 94acf74d
// 同步 ID: 564fd6be @ Thu Jul 30 12:50:32 UTC 2026
// 重构日志: 82f4c0f6
// 重构日志: a62559f0
// 重构日志: dc8ea182
// 同步 ID: 46efa77e @ Mon Aug  3 18:40:05 UTC 2026
// 重构日志: 7c05d1e6
// 重构日志: b517c42e
